// Jest Snapshot v1, https://goo.gl/fbAQLP

exports[`array_hash.twig 1`] = `
Object {
  Symbol(jest-snapshot-serializer-raw): "====================================options=====================================
parsers: [\\"twig\\"]
printWidth: 80
                                                                                | printWidth
=====================================input======================================
{% set foo = { foo: 'bar' } %}
{% set foo = {foo:bar}   -%}
{% set foo = {(foo): 'bar'} %}
{% set foo = {foo:'bar', (foo): 'bar', items: {a: 'a'  , b:'b'} } %}
{% set foo = {'a': 'a', \\"b\\":\\"b\\" } %}
{% set foo = {aVeryVeryVeryVeryVeryVeryVeryVeryVeryLongKey: 'aVeryVeryVeryVeryVeryVeryVeryLongValue', aVeryVeryVeryVeryVeryVeryVeryVeryVeryLongKey2: 'aVeryVeryVeryVeryVeryVeryVeryLongValue2', } %}

{% set foo = {aVeryVeryVeryVeryVeryVeryVeryVeryVeryLongKey: 'aVeryVeryVeryVeryVeryVeryVeryLongValue', aVeryVeryVeryVeryVeryVeryVeryVeryVeryLongKey2: {
    aVeryVeryVeryVeryVeryVeryVeryVeryVeryLongKey3: 'aVeryVeryVeryVeryVeryVeryVeryLongValue3',aVeryVeryVeryVeryVeryVeryVeryVeryVeryLongKey4: {aVeryVeryVeryVeryVeryVeryVeryVeryVeryLongKey5:'aVeryVeryVeryVeryVeryVeryVeryVeryVeryLongValue5'}
}} %}

=====================================output=====================================
{% set foo = { foo: \\"bar\\" } %}
{% set foo = { foo: bar } %}
{% set foo = { (foo): \\"bar\\" } %}
{% set foo = { foo: \\"bar\\", (foo): \\"bar\\", items: { a: \\"a\\", b: \\"b\\" } } %}
{% set foo = { a: \\"a\\", b: \\"b\\" } %}
{% set foo = {
    aVeryVeryVeryVeryVeryVeryVeryVeryVeryLongKey: \\"aVeryVeryVeryVeryVeryVeryVeryLongValue\\",
    aVeryVeryVeryVeryVeryVeryVeryVeryVeryLongKey2: \\"aVeryVeryVeryVeryVeryVeryVeryLongValue2\\"
} %}

{% set foo = {
    aVeryVeryVeryVeryVeryVeryVeryVeryVeryLongKey: \\"aVeryVeryVeryVeryVeryVeryVeryLongValue\\",
    aVeryVeryVeryVeryVeryVeryVeryVeryVeryLongKey2: {
        aVeryVeryVeryVeryVeryVeryVeryVeryVeryLongKey3: \\"aVeryVeryVeryVeryVeryVeryVeryLongValue3\\",
        aVeryVeryVeryVeryVeryVeryVeryVeryVeryLongKey4: {
            aVeryVeryVeryVeryVeryVeryVeryVeryVeryLongKey5: \\"aVeryVeryVeryVeryVeryVeryVeryVeryVeryLongValue5\\"
        }
    }
} %}

================================================================================",
}
`;

exports[`array_hash.twig 2`] = `
Object {
  Symbol(jest-snapshot-serializer-raw): "====================================options=====================================
parsers: [\\"twig\\"]
printWidth: 80
                                                                                | printWidth
=====================================input======================================
{% set foo = { foo: 'bar' } %}
{% set foo = {foo:bar}   -%}
{% set foo = {(foo): 'bar'} %}
{% set foo = {foo:'bar', (foo): 'bar', items: {a: 'a'  , b:'b'} } %}
{% set foo = {'a': 'a', \\"b\\":\\"b\\" } %}
{% set foo = {aVeryVeryVeryVeryVeryVeryVeryVeryVeryLongKey: 'aVeryVeryVeryVeryVeryVeryVeryLongValue', aVeryVeryVeryVeryVeryVeryVeryVeryVeryLongKey2: 'aVeryVeryVeryVeryVeryVeryVeryLongValue2', } %}

{% set foo = {aVeryVeryVeryVeryVeryVeryVeryVeryVeryLongKey: 'aVeryVeryVeryVeryVeryVeryVeryLongValue', aVeryVeryVeryVeryVeryVeryVeryVeryVeryLongKey2: {
    aVeryVeryVeryVeryVeryVeryVeryVeryVeryLongKey3: 'aVeryVeryVeryVeryVeryVeryVeryLongValue3',aVeryVeryVeryVeryVeryVeryVeryVeryVeryLongKey4: {aVeryVeryVeryVeryVeryVeryVeryVeryVeryLongKey5:'aVeryVeryVeryVeryVeryVeryVeryVeryVeryLongValue5'}
}} %}

=====================================output=====================================
{% set foo = { foo: \\"bar\\" } %}
{% set foo = { foo: bar } %}
{% set foo = { (foo): \\"bar\\" } %}
{% set foo = { foo: \\"bar\\", (foo): \\"bar\\", items: { a: \\"a\\", b: \\"b\\" } } %}
{% set foo = { a: \\"a\\", b: \\"b\\" } %}
{% set foo = {
    aVeryVeryVeryVeryVeryVeryVeryVeryVeryLongKey: \\"aVeryVeryVeryVeryVeryVeryVeryLongValue\\",
    aVeryVeryVeryVeryVeryVeryVeryVeryVeryLongKey2: \\"aVeryVeryVeryVeryVeryVeryVeryLongValue2\\"
} %}

{% set foo = {
    aVeryVeryVeryVeryVeryVeryVeryVeryVeryLongKey: \\"aVeryVeryVeryVeryVeryVeryVeryLongValue\\",
    aVeryVeryVeryVeryVeryVeryVeryVeryVeryLongKey2: {
        aVeryVeryVeryVeryVeryVeryVeryVeryVeryLongKey3: \\"aVeryVeryVeryVeryVeryVeryVeryLongValue3\\",
        aVeryVeryVeryVeryVeryVeryVeryVeryVeryLongKey4: {
            aVeryVeryVeryVeryVeryVeryVeryVeryVeryLongKey5: \\"aVeryVeryVeryVeryVeryVeryVeryVeryVeryLongValue5\\"
        }
    }
} %}

================================================================================",
}
`;
