// Jest Snapshot v1, https://goo.gl/fbAQLP

exports[`get_attr.twig 1`] = `
Object {
  Symbol(jest-snapshot-serializer-raw): "====================================options=====================================
parsers: [\\"twig\\"]
printWidth: 80
                                                                                | printWidth
=====================================input======================================
{% set foo = foo. bar %}
{% set foo = foo [ bar ] %}
{% set foo = foo.getFoo ( ) %}
{% set foo = foo.getFoo ('foo' ) %}
{% set foo = foo.getFoo ('foo', \\"bar\\", 1123  , [1,2,3,4]
    ) %}

{% set foo = foo.getFoo('aLongLongLongLongLongLongLongLongLongLongLongLongValue', 'aLongLongLongLongLongLongLongLongLongLongLongLongValue', 'aLongLongLongLongLongLongLongLongLongLongLongLongValue'  )  %}

{% set foo = foo.getFoo(     'aLongLongLongLongLongLongLongLongLongLongLongLongValue', ['aLongLongLongLongLongLongLongLongLongLongLongLongValue', 'aLongLongLongLongLongLongLongLongLongLongLongLongValue', ['aLongLongLongLongLongLongLongLongLongLongLongLongValue', {aLongLongLongLongLongLongLongLongLongLongLongLongKey: 'aLongLongLongLongLongLongLongLongLongLongLongLongValue'}]]) %}

{%   set foo = foo.getFoo(foo.getFoo(foo.getFoo(foo.getFoo(foo.getFoo(foo.getFoo(foo.getFoo(foo.getFoo(foo.getFoo(foo.getFoo(foo.getFoo(foo.getFoo(foo.getFoo(foo.getFoo(foo.getFoo(foo.getFoo(foo.getFoo(foo.getFoo(foo.getFoo(foo.getFoo(foo.getFoo())))))))))))))))))))) %}

=====================================output=====================================
{% set foo = foo.bar %}
{% set foo = foo[bar] %}
{% set foo = foo.getFoo %}
{% set foo = foo.getFoo(\\"foo\\") %}
{% set foo = foo.getFoo(\\"foo\\", \\"bar\\", 1123, [1, 2, 3, 4]) %}

{% set foo = foo.getFoo(
    \\"aLongLongLongLongLongLongLongLongLongLongLongLongValue\\",
    \\"aLongLongLongLongLongLongLongLongLongLongLongLongValue\\",
    \\"aLongLongLongLongLongLongLongLongLongLongLongLongValue\\"
) %}

{% set foo = foo.getFoo(
    \\"aLongLongLongLongLongLongLongLongLongLongLongLongValue\\",
    [
        \\"aLongLongLongLongLongLongLongLongLongLongLongLongValue\\",
        \\"aLongLongLongLongLongLongLongLongLongLongLongLongValue\\",
        [
            \\"aLongLongLongLongLongLongLongLongLongLongLongLongValue\\",
            {
                aLongLongLongLongLongLongLongLongLongLongLongLongKey: \\"aLongLongLongLongLongLongLongLongLongLongLongLongValue\\"
            }
        ]
    ]
) %}

{% set foo = foo.getFoo(
    foo.getFoo(
        foo.getFoo(
            foo.getFoo(
                foo.getFoo(
                    foo.getFoo(
                        foo.getFoo(
                            foo.getFoo(
                                foo.getFoo(
                                    foo.getFoo(
                                        foo.getFoo(
                                            foo.getFoo(
                                                foo.getFoo(
                                                    foo.getFoo(
                                                        foo.getFoo(
                                                            foo.getFoo(
                                                                foo.getFoo(
                                                                    foo.getFoo(
                                                                        foo.getFoo(
                                                                            foo.getFoo(
                                                                                foo.getFoo
                                                                            )
                                                                        )
                                                                    )
                                                                )
                                                            )
                                                        )
                                                    )
                                                )
                                            )
                                        )
                                    )
                                )
                            )
                        )
                    )
                )
            )
        )
    )
) %}

================================================================================",
}
`;
