// Jest Snapshot v1, https://goo.gl/fbAQLP

exports[`print.twig 1`] = `
====================================options=====================================
parsers: ["twig"]
printWidth: 80
                                                                                | printWidth
=====================================input======================================
{{'foo'}}
{{   'bar'    }}
{{   "bar2" }}
{{ 'bar3' }}

{{ 'aVeryVeryVeryVeryVeryVeryVeryVeryVeryVeryVeryVeryVeryVeryVeryVeryVeryVeryVeryVeryVeryVeryVeryVeryVeryVeryVeryVeryVeryVeryVeryVeryVeryVeryVeryLongString' }}

foo {{- "bar" -}} foo

{{foo}}
{{-foo-}}

=====================================output=====================================
{{ "foo" }}
{{ "bar" }}
{{ "bar2" }}
{{ "bar3" }}

{{ "aVeryVeryVeryVeryVeryVeryVeryVeryVeryVeryVeryVeryVeryVeryVeryVeryVeryVeryVeryVeryVeryVeryVeryVeryVeryVeryVeryVeryVeryVeryVeryVeryVeryVeryVeryLongString" }}

foo{{ "bar" }}foo

{{ foo }}{{ foo }}
================================================================================
`;
