// Jest Snapshot v1, https://goo.gl/fbAQLP

exports[`foo.twig 1`] = `
Object {
  Symbol(jest-snapshot-serializer-raw): "====================================options=====================================
parsers: [\\"twig\\"]
printWidth: 80
                                                                                | printWidth
=====================================input======================================
{% set foo = 'foo' %}

=====================================output=====================================
printer output
================================================================================",
}
`;
